2026-04-24 23:19:45,586 INFO - Creating Vendor Summary Table.....
2026-04-24 23:21:47,176 INFO -    VendorNumber                   VendorName  Brand              Description  \
0          1128  BROWN-FORMAN CORP             1233  Jack Daniels No 7 Black   
1          4425        MARTIGNETTI COMPANIES   3405    Tito's Handmade Vodka   
2          4425        MARTIGNETTI COMPANIES   3405    Tito's Handmade Vodka   
3         17035  PERNOD RICARD USA             8068         Absolut 80 Proof   
4          3960  DIAGEO NORTH AMERICA INC      4261   Capt Morgan Spiced Rum   

   PurchasePrice  ActualPrice Volume  TotalPurchaseQuantity  \
0          26.27        36.99   1750                 145080   
1          23.19        28.99   1750                 164038   
2          23.19        28.99   1750                 164038   
3          18.24        24.99   1750                 187407   
4          16.17        22.99   1750                 201682   

   TotalPurchaseDollars  TotalSalesQuantity  TotalSalesDollars  \
0            3811251.60            142049.0       5.101920e+06   
1            3804041.22            160247.0       4.819073e+06   
2            3804041.22            160247.0       4.819073e+06   
3            3418303.68            187140.0       4.538121e+06   
4            3261197.94            200412.0       4.475973e+06   

   TotalSalesPrice  TotalExciseTax  FreightCost  
0        672819.31       260999.20     68601.68  
1        561512.37       294438.66       209.32  
2        561512.37       294438.66    144719.92  
3        461140.15       343854.07    123780.22  
4        420050.01       368242.80    257032.07  
2026-04-24 23:21:47,203 INFO - Cleaning Data.....
2026-04-24 23:21:48,236 INFO -    VendorNumber                VendorName  Brand              Description  \
0          1128         BROWN-FORMAN CORP   1233  Jack Daniels No 7 Black   
1          4425     MARTIGNETTI COMPANIES   3405    Tito's Handmade Vodka   
2          4425     MARTIGNETTI COMPANIES   3405    Tito's Handmade Vodka   
3         17035         PERNOD RICARD USA   8068         Absolut 80 Proof   
4          3960  DIAGEO NORTH AMERICA INC   4261   Capt Morgan Spiced Rum   

   PurchasePrice  ActualPrice  Volume  TotalPurchaseQuantity  \
0          26.27        36.99  1750.0                 145080   
1          23.19        28.99  1750.0                 164038   
2          23.19        28.99  1750.0                 164038   
3          18.24        24.99  1750.0                 187407   
4          16.17        22.99  1750.0                 201682   

   TotalPurchaseDollars  TotalSalesQuantity  TotalSalesDollars  \
0            3811251.60            142049.0       5.101920e+06   
1            3804041.22            160247.0       4.819073e+06   
2            3804041.22            160247.0       4.819073e+06   
3            3418303.68            187140.0       4.538121e+06   
4            3261197.94            200412.0       4.475973e+06   

   TotalSalesPrice  TotalExciseTax  FreightCost  GrossProfit  ProfitMargin  \
0        672819.31       260999.20     68601.68   1290667.91     25.297693   
1        561512.37       294438.66       209.32   1015032.27     21.062810   
2        561512.37       294438.66    144719.92   1015032.27     21.062810   
3        461140.15       343854.07    123780.22   1119816.92     24.675786   
4        420050.01       368242.80    257032.07   1214774.94     27.139908   

   StockTurnover  SalesToPurchaseRatio  
0       0.979108              1.338647  
1       0.976890              1.266830  
2       0.976890              1.266830  
3       0.998575              1.327594  
4       0.993703              1.372493  
2026-04-24 23:21:48,248 INFO - Ingesting data.....
2026-04-24 23:21:48,532 INFO - Completed
